2026-08-22 13:20:25,775 - aqt.main - INFO - installer 8284 aqtinstall(aqt) v3.3.0 on Python 3.12.10 [CPython MSC v.1943 64 bit (AMD64)]
2026-08-22 13:20:36,386 - aqt.helper - DEBUG - helper 12404 Attempt to download checksum at https://download.qt.io/online/qtsdkrepository/windows_x86/desktop/qt6_681/qt6_681/Updates.xml.sha256
2026-08-22 13:24:29,034 - aqt.main - INFO - installer 3896 aqtinstall(aqt) v3.3.0 on Python 3.12.10 [CPython MSC v.1943 64 bit (AMD64)]
2026-08-22 13:24:29,036 - aqt.helper - DEBUG - helper 3896 Attempt to download checksum at https://download.qt.io/online/qtsdkrepository/windows_x86/desktop/qt6_681/qt6_681/Updates.xml.sha256
2026-08-22 13:24:29,660 - aqt.helper - DEBUG - helper 3896 Attempt to download checksum at https://download.qt.io/online/qtsdkrepository/windows_x86/extensions/qtwebengine/681/msvc2022_64/Updates.xml.sha256
2026-08-22 13:24:30,266 - aqt.archives - INFO - archives 3896 Found extension qtwebengine
2026-08-22 13:24:30,266 - aqt.helper - DEBUG - helper 3896 Attempt to download checksum at https://download.qt.io/online/qtsdkrepository/windows_x86/extensions/qtpdf/681/msvc2022_64/Updates.xml.sha256
2026-08-22 13:24:30,843 - aqt.archives - INFO - archives 3896 Found extension qtpdf
2026-08-22 13:24:31,419 - aqt.helper - DEBUG - helper 11856 Attempt to download checksum at https://download.qt.io/online/qtsdkrepository/windows_x86/desktop/qt6_681/qt6_681/qt.qt6.681.win64_msvc2022_64/6.8.1-0-202411221531qtbase-Windows-Windows_11_23H2-MSVC2022-Windows-Windows_11_23H2-X86_64.7z.sha256
2026-08-22 13:24:31,419 - aqt.helper - DEBUG - helper 9708 Attempt to download checksum at https://download.qt.io/online/qtsdkrepository/windows_x86/desktop/qt6_681/qt6_681/qt.qt6.681.win64_msvc2022_64/6.8.1-0-202411221531qtsvg-Windows-Windows_11_23H2-MSVC2022-Windows-Windows_11_23H2-X86_64.7z.sha256
2026-08-22 13:24:31,429 - aqt.helper - DEBUG - helper 7184 Attempt to download checksum at https://download.qt.io/online/qtsdkrepository/windows_x86/desktop/qt6_681/qt6_681/qt.qt6.681.win64_msvc2022_64/6.8.1-0-202411221531qtdeclarative-Windows-Windows_11_23H2-MSVC2022-Windows-Windows_11_23H2-X86_64.7z.sha256
2026-08-22 13:24:31,437 - aqt.helper - DEBUG - helper 3272 Attempt to download checksum at https://download.qt.io/online/qtsdkrepository/windows_x86/desktop/qt6_681/qt6_681/qt.qt6.681.win64_msvc2022_64/6.8.1-0-202411221531qttools-Windows-Windows_11_23H2-MSVC2022-Windows-Windows_11_23H2-X86_64.7z.sha256
2026-08-22 13:24:31,810 - aqt.helper - INFO - helper 9708 Downloading qtsvg...
2026-08-22 13:24:31,810 - aqt.installer - DEBUG - installer 9708 Download URL: https://download.qt.io/online/qtsdkrepository/windows_x86/desktop/qt6_681/qt6_681/qt.qt6.681.win64_msvc2022_64/6.8.1-0-202411221531qtsvg-Windows-Windows_11_23H2-MSVC2022-Windows-Windows_11_23H2-X86_64.7z
2026-08-22 13:24:31,819 - aqt.helper - INFO - helper 11856 Downloading qtbase...
2026-08-22 13:24:31,819 - aqt.installer - DEBUG - installer 11856 Download URL: https://download.qt.io/online/qtsdkrepository/windows_x86/desktop/qt6_681/qt6_681/qt.qt6.681.win64_msvc2022_64/6.8.1-0-202411221531qtbase-Windows-Windows_11_23H2-MSVC2022-Windows-Windows_11_23H2-X86_64.7z
2026-08-22 13:24:31,823 - aqt.helper - INFO - helper 7184 Downloading qtdeclarative...
2026-08-22 13:24:31,823 - aqt.installer - DEBUG - installer 7184 Download URL: https://download.qt.io/online/qtsdkrepository/windows_x86/desktop/qt6_681/qt6_681/qt.qt6.681.win64_msvc2022_64/6.8.1-0-202411221531qtdeclarative-Windows-Windows_11_23H2-MSVC2022-Windows-Windows_11_23H2-X86_64.7z
2026-08-22 13:24:31,827 - aqt.helper - INFO - helper 3272 Downloading qttools...
2026-08-22 13:24:31,827 - aqt.installer - DEBUG - installer 3272 Download URL: https://download.qt.io/online/qtsdkrepository/windows_x86/desktop/qt6_681/qt6_681/qt.qt6.681.win64_msvc2022_64/6.8.1-0-202411221531qttools-Windows-Windows_11_23H2-MSVC2022-Windows-Windows_11_23H2-X86_64.7z
2026-08-22 13:24:32,189 - aqt.helper - DEBUG - helper 9708 Asked to redirect(302) to: https://ftp.fau.de/qtproject/online/qtsdkrepository/windows_x86/desktop/qt6_681/qt6_681/qt.qt6.681.win64_msvc2022_64/6.8.1-0-202411221531qtsvg-Windows-Windows_11_23H2-MSVC2022-Windows-Windows_11_23H2-X86_64.7z
2026-08-22 13:24:32,189 - aqt.helper - INFO - helper 9708 Redirected: ftp.fau.de
2026-08-22 13:24:32,204 - aqt.helper - DEBUG - helper 7184 Asked to redirect(302) to: https://ftp.fau.de/qtproject/online/qtsdkrepository/windows_x86/desktop/qt6_681/qt6_681/qt.qt6.681.win64_msvc2022_64/6.8.1-0-202411221531qtdeclarative-Windows-Windows_11_23H2-MSVC2022-Windows-Windows_11_23H2-X86_64.7z
2026-08-22 13:24:32,204 - aqt.helper - INFO - helper 7184 Redirected: ftp.fau.de
2026-08-22 13:24:32,214 - aqt.helper - DEBUG - helper 11856 Asked to redirect(302) to: https://ftp.fau.de/qtproject/online/qtsdkrepository/windows_x86/desktop/qt6_681/qt6_681/qt.qt6.681.win64_msvc2022_64/6.8.1-0-202411221531qtbase-Windows-Windows_11_23H2-MSVC2022-Windows-Windows_11_23H2-X86_64.7z
2026-08-22 13:24:32,214 - aqt.helper - INFO - helper 11856 Redirected: ftp.fau.de
2026-08-22 13:24:32,301 - aqt.helper - DEBUG - helper 3272 Asked to redirect(302) to: https://ftp.fau.de/qtproject/online/qtsdkrepository/windows_x86/desktop/qt6_681/qt6_681/qt.qt6.681.win64_msvc2022_64/6.8.1-0-202411221531qttools-Windows-Windows_11_23H2-MSVC2022-Windows-Windows_11_23H2-X86_64.7z
2026-08-22 13:24:32,301 - aqt.helper - INFO - helper 3272 Redirected: ftp.fau.de
2026-08-22 13:24:32,912 - aqt.installer - INFO - installer 9708 Finished installation of qtsvg-Windows-Windows_11_23H2-MSVC2022-Windows-Windows_11_23H2-X86_64.7z in 1.49408260
2026-08-22 13:24:32,923 - aqt.helper - DEBUG - helper 9708 Attempt to download checksum at https://download.qt.io/online/qtsdkrepository/windows_x86/desktop/qt6_681/qt6_681/qt.qt6.681.win64_msvc2022_64/6.8.1-0-202411221531qttranslations-Windows-Windows_11_23H2-MSVC2022-Windows-Windows_11_23H2-X86_64.7z.sha256
2026-08-22 13:24:33,207 - aqt.helper - INFO - helper 9708 Downloading qttranslations...
2026-08-22 13:24:33,207 - aqt.installer - DEBUG - installer 9708 Download URL: https://download.qt.io/online/qtsdkrepository/windows_x86/desktop/qt6_681/qt6_681/qt.qt6.681.win64_msvc2022_64/6.8.1-0-202411221531qttranslations-Windows-Windows_11_23H2-MSVC2022-Windows-Windows_11_23H2-X86_64.7z
2026-08-22 13:24:33,538 - aqt.helper - DEBUG - helper 9708 Asked to redirect(302) to: https://ftp.fau.de/qtproject/online/qtsdkrepository/windows_x86/desktop/qt6_681/qt6_681/qt.qt6.681.win64_msvc2022_64/6.8.1-0-202411221531qttranslations-Windows-Windows_11_23H2-MSVC2022-Windows-Windows_11_23H2-X86_64.7z
2026-08-22 13:24:33,538 - aqt.helper - INFO - helper 9708 Redirected: ftp.fau.de
2026-08-22 13:24:34,652 - aqt.installer - INFO - installer 9708 Finished installation of qttranslations-Windows-Windows_11_23H2-MSVC2022-Windows-Windows_11_23H2-X86_64.7z in 1.73075380
2026-08-22 13:24:34,664 - aqt.helper - DEBUG - helper 9708 Attempt to download checksum at https://download.qt.io/online/qtsdkrepository/windows_x86/desktop/qt6_681/qt6_681/qt.qt6.681.win64_msvc2022_64/6.8.1-0-202411221531d3dcompiler_47-x64.7z.sha256
2026-08-22 13:24:35,015 - aqt.helper - INFO - helper 9708 Downloading d3dcompiler_47...
2026-08-22 13:24:35,015 - aqt.installer - DEBUG - installer 9708 Download URL: https://download.qt.io/online/qtsdkrepository/windows_x86/desktop/qt6_681/qt6_681/qt.qt6.681.win64_msvc2022_64/6.8.1-0-202411221531d3dcompiler_47-x64.7z
2026-08-22 13:24:35,374 - aqt.helper - DEBUG - helper 9708 Asked to redirect(302) to: https://ftp.fau.de/qtproject/online/qtsdkrepository/windows_x86/desktop/qt6_681/qt6_681/qt.qt6.681.win64_msvc2022_64/6.8.1-0-202411221531d3dcompiler_47-x64.7z
2026-08-22 13:24:35,374 - aqt.helper - INFO - helper 9708 Redirected: ftp.fau.de
2026-08-22 13:24:36,005 - aqt.installer - INFO - installer 9708 Finished installation of d3dcompiler_47-x64.7z in 1.34290100
2026-08-22 13:24:36,019 - aqt.helper - DEBUG - helper 9708 Attempt to download checksum at https://download.qt.io/online/qtsdkrepository/windows_x86/desktop/qt6_681/qt6_681/qt.qt6.681.win64_msvc2022_64/6.8.1-0-202411221531opengl32sw-64-mesa_11_2_2-signed_sha256.7z.sha256
2026-08-22 13:24:36,436 - aqt.helper - INFO - helper 9708 Downloading opengl32sw...
2026-08-22 13:24:36,436 - aqt.installer - DEBUG - installer 9708 Download URL: https://download.qt.io/online/qtsdkrepository/windows_x86/desktop/qt6_681/qt6_681/qt.qt6.681.win64_msvc2022_64/6.8.1-0-202411221531opengl32sw-64-mesa_11_2_2-signed_sha256.7z
2026-08-22 13:24:36,848 - aqt.helper - DEBUG - helper 9708 Asked to redirect(302) to: https://ftp.fau.de/qtproject/online/qtsdkrepository/windows_x86/desktop/qt6_681/qt6_681/qt.qt6.681.win64_msvc2022_64/6.8.1-0-202411221531opengl32sw-64-mesa_11_2_2-signed_sha256.7z
2026-08-22 13:24:36,848 - aqt.helper - INFO - helper 9708 Redirected: ftp.fau.de
2026-08-22 13:24:38,134 - aqt.installer - INFO - installer 9708 Finished installation of opengl32sw-64-mesa_11_2_2-signed_sha256.7z in 2.11784530
2026-08-22 13:24:42,223 - aqt.installer - INFO - installer 3272 Finished installation of qttools-Windows-Windows_11_23H2-MSVC2022-Windows-Windows_11_23H2-X86_64.7z in 10.78497230
2026-08-22 13:24:55,375 - aqt.installer - INFO - installer 11856 Finished installation of qtbase-Windows-Windows_11_23H2-MSVC2022-Windows-Windows_11_23H2-X86_64.7z in 23.95960370
2026-08-22 13:25:12,422 - aqt.installer - INFO - installer 7184 Finished installation of qtdeclarative-Windows-Windows_11_23H2-MSVC2022-Windows-Windows_11_23H2-X86_64.7z in 40.99445130
2026-08-22 13:25:12,756 - aqt.updater - INFO - updater 3896 Patching C:\Qt\6.8.1\msvc2022_64\bin\qmake.exe
2026-08-22 13:25:12,760 - aqt.updater - INFO - updater 3896 Patching C:\Qt\6.8.1\msvc2022_64\lib\Qt6Concurrent.prl
2026-08-22 13:25:12,765 - aqt.updater - INFO - updater 3896 Patching C:\Qt\6.8.1\msvc2022_64\lib\Qt6Concurrentd.prl
2026-08-22 13:25:12,769 - aqt.updater - INFO - updater 3896 Patching C:\Qt\6.8.1\msvc2022_64\lib\Qt6Core.prl
2026-08-22 13:25:12,776 - aqt.updater - INFO - updater 3896 Patching C:\Qt\6.8.1\msvc2022_64\lib\Qt6Cored.prl
2026-08-22 13:25:12,781 - aqt.updater - INFO - updater 3896 Patching C:\Qt\6.8.1\msvc2022_64\lib\Qt6DBus.prl
2026-08-22 13:25:12,786 - aqt.updater - INFO - updater 3896 Patching C:\Qt\6.8.1\msvc2022_64\lib\Qt6DBusd.prl
2026-08-22 13:25:12,794 - aqt.updater - INFO - updater 3896 Patching C:\Qt\6.8.1\msvc2022_64\lib\Qt6Designer.prl
2026-08-22 13:25:12,798 - aqt.updater - INFO - updater 3896 Patching C:\Qt\6.8.1\msvc2022_64\lib\Qt6DesignerComponents.prl
2026-08-22 13:25:12,805 - aqt.updater - INFO - updater 3896 Patching C:\Qt\6.8.1\msvc2022_64\lib\Qt6DesignerComponentsd.prl
2026-08-22 13:25:12,809 - aqt.updater - INFO - updater 3896 Patching C:\Qt\6.8.1\msvc2022_64\lib\Qt6Designerd.prl
2026-08-22 13:25:12,814 - aqt.updater - INFO - updater 3896 Patching C:\Qt\6.8.1\msvc2022_64\lib\Qt6DeviceDiscoverySupport.prl
2026-08-22 13:25:12,819 - aqt.updater - INFO - updater 3896 Patching C:\Qt\6.8.1\msvc2022_64\lib\Qt6DeviceDiscoverySupportd.prl
2026-08-22 13:25:12,827 - aqt.updater - INFO - updater 3896 Patching C:\Qt\6.8.1\msvc2022_64\lib\Qt6EntryPoint.prl
2026-08-22 13:25:12,832 - aqt.updater - INFO - updater 3896 Patching C:\Qt\6.8.1\msvc2022_64\lib\Qt6EntryPointd.prl
2026-08-22 13:25:12,840 - aqt.updater - INFO - updater 3896 Patching C:\Qt\6.8.1\msvc2022_64\lib\Qt6ExampleIcons.prl
2026-08-22 13:25:12,846 - aqt.updater - INFO - updater 3896 Patching C:\Qt\6.8.1\msvc2022_64\lib\Qt6ExampleIconsd.prl
2026-08-22 13:25:12,851 - aqt.updater - INFO - updater 3896 Patching C:\Qt\6.8.1\msvc2022_64\lib\Qt6ExamplesAssetDownloader.prl
2026-08-22 13:25:12,855 - aqt.updater - INFO - updater 3896 Patching C:\Qt\6.8.1\msvc2022_64\lib\Qt6ExamplesAssetDownloaderd.prl
2026-08-22 13:25:12,859 - aqt.updater - INFO - updater 3896 Patching C:\Qt\6.8.1\msvc2022_64\lib\Qt6FbSupport.prl
2026-08-22 13:25:12,863 - aqt.updater - INFO - updater 3896 Patching C:\Qt\6.8.1\msvc2022_64\lib\Qt6FbSupportd.prl
2026-08-22 13:25:12,875 - aqt.updater - INFO - updater 3896 Patching C:\Qt\6.8.1\msvc2022_64\lib\Qt6Gui.prl
2026-08-22 13:25:12,880 - aqt.updater - INFO - updater 3896 Patching C:\Qt\6.8.1\msvc2022_64\lib\Qt6Guid.prl
2026-08-22 13:25:12,888 - aqt.updater - INFO - updater 3896 Patching C:\Qt\6.8.1\msvc2022_64\lib\Qt6Help.prl
2026-08-22 13:25:12,893 - aqt.updater - INFO - updater 3896 Patching C:\Qt\6.8.1\msvc2022_64\lib\Qt6Helpd.prl
2026-08-22 13:25:12,901 - aqt.updater - INFO - updater 3896 Patching C:\Qt\6.8.1\msvc2022_64\lib\Qt6LabsAnimation.prl
2026-08-22 13:25:12,909 - aqt.updater - INFO - updater 3896 Patching C:\Qt\6.8.1\msvc2022_64\lib\Qt6LabsAnimationd.prl
2026-08-22 13:25:12,914 - aqt.updater - INFO - updater 3896 Patching C:\Qt\6.8.1\msvc2022_64\lib\Qt6LabsFolderListModel.prl
2026-08-22 13:25:12,920 - aqt.updater - INFO - updater 3896 Patching C:\Qt\6.8.1\msvc2022_64\lib\Qt6LabsFolderListModeld.prl
2026-08-22 13:25:12,928 - aqt.updater - INFO - updater 3896 Patching C:\Qt\6.8.1\msvc2022_64\lib\Qt6LabsPlatform.prl
2026-08-22 13:25:12,930 - aqt.updater - INFO - updater 3896 Patching C:\Qt\6.8.1\msvc2022_64\lib\Qt6LabsPlatformd.prl
2026-08-22 13:25:12,940 - aqt.updater - INFO - updater 3896 Patching C:\Qt\6.8.1\msvc2022_64\lib\Qt6LabsQmlModels.prl
2026-08-22 13:25:12,947 - aqt.updater - INFO - updater 3896 Patching C:\Qt\6.8.1\msvc2022_64\lib\Qt6LabsQmlModelsd.prl
2026-08-22 13:25:12,953 - aqt.updater - INFO - updater 3896 Patching C:\Qt\6.8.1\msvc2022_64\lib\Qt6LabsSettings.prl
2026-08-22 13:25:12,957 - aqt.updater - INFO - updater 3896 Patching C:\Qt\6.8.1\msvc2022_64\lib\Qt6LabsSettingsd.prl
2026-08-22 13:25:12,960 - aqt.updater - INFO - updater 3896 Patching C:\Qt\6.8.1\msvc2022_64\lib\Qt6LabsSharedImage.prl
2026-08-22 13:25:12,964 - aqt.updater - INFO - updater 3896 Patching C:\Qt\6.8.1\msvc2022_64\lib\Qt6LabsSharedImaged.prl
2026-08-22 13:25:12,974 - aqt.updater - INFO - updater 3896 Patching C:\Qt\6.8.1\msvc2022_64\lib\Qt6LabsWavefrontMesh.prl
2026-08-22 13:25:12,979 - aqt.updater - INFO - updater 3896 Patching C:\Qt\6.8.1\msvc2022_64\lib\Qt6LabsWavefrontMeshd.prl
2026-08-22 13:25:12,984 - aqt.updater - INFO - updater 3896 Patching C:\Qt\6.8.1\msvc2022_64\lib\Qt6Network.prl
2026-08-22 13:25:12,989 - aqt.updater - INFO - updater 3896 Patching C:\Qt\6.8.1\msvc2022_64\lib\Qt6Networkd.prl
2026-08-22 13:25:12,993 - aqt.updater - INFO - updater 3896 Patching C:\Qt\6.8.1\msvc2022_64\lib\Qt6OpenGL.prl
2026-08-22 13:25:12,998 - aqt.updater - INFO - updater 3896 Patching C:\Qt\6.8.1\msvc2022_64\lib\Qt6OpenGLd.prl
2026-08-22 13:25:13,006 - aqt.updater - INFO - updater 3896 Patching C:\Qt\6.8.1\msvc2022_64\lib\Qt6OpenGLWidgets.prl
2026-08-22 13:25:13,011 - aqt.updater - INFO - updater 3896 Patching C:\Qt\6.8.1\msvc2022_64\lib\Qt6OpenGLWidgetsd.prl
2026-08-22 13:25:13,014 - aqt.updater - INFO - updater 3896 Patching C:\Qt\6.8.1\msvc2022_64\lib\Qt6PacketProtocol.prl
2026-08-22 13:25:13,018 - aqt.updater - INFO - updater 3896 Patching C:\Qt\6.8.1\msvc2022_64\lib\Qt6PacketProtocold.prl
2026-08-22 13:25:13,024 - aqt.updater - INFO - updater 3896 Patching C:\Qt\6.8.1\msvc2022_64\lib\Qt6PrintSupport.prl
2026-08-22 13:25:13,030 - aqt.updater - INFO - updater 3896 Patching C:\Qt\6.8.1\msvc2022_64\lib\Qt6PrintSupportd.prl
2026-08-22 13:25:13,037 - aqt.updater - INFO - updater 3896 Patching C:\Qt\6.8.1\msvc2022_64\lib\Qt6Qml.prl
2026-08-22 13:25:13,042 - aqt.updater - INFO - updater 3896 Patching C:\Qt\6.8.1\msvc2022_64\lib\Qt6QmlAssetDownloader.prl
2026-08-22 13:25:13,047 - aqt.updater - INFO - updater 3896 Patching C:\Qt\6.8.1\msvc2022_64\lib\Qt6QmlAssetDownloaderd.prl
2026-08-22 13:25:13,053 - aqt.updater - INFO - updater 3896 Patching C:\Qt\6.8.1\msvc2022_64\lib\Qt6QmlCompiler.prl
2026-08-22 13:25:13,057 - aqt.updater - INFO - updater 3896 Patching C:\Qt\6.8.1\msvc2022_64\lib\Qt6QmlCompilerd.prl
2026-08-22 13:25:13,061 - aqt.updater - INFO - updater 3896 Patching C:\Qt\6.8.1\msvc2022_64\lib\Qt6QmlCore.prl
2026-08-22 13:25:13,068 - aqt.updater - INFO - updater 3896 Patching C:\Qt\6.8.1\msvc2022_64\lib\Qt6QmlCored.prl
2026-08-22 13:25:13,072 - aqt.updater - INFO - updater 3896 Patching C:\Qt\6.8.1\msvc2022_64\lib\Qt6Qmld.prl
2026-08-22 13:25:13,079 - aqt.updater - INFO - updater 3896 Patching C:\Qt\6.8.1\msvc2022_64\lib\Qt6QmlDebug.prl
2026-08-22 13:25:13,085 - aqt.updater - INFO - updater 3896 Patching C:\Qt\6.8.1\msvc2022_64\lib\Qt6QmlDebugd.prl
2026-08-22 13:25:13,091 - aqt.updater - INFO - updater 3896 Patching C:\Qt\6.8.1\msvc2022_64\lib\Qt6QmlDom.prl
2026-08-22 13:25:13,097 - aqt.updater - INFO - updater 3896 Patching C:\Qt\6.8.1\msvc2022_64\lib\Qt6QmlDomd.prl
2026-08-22 13:25:13,102 - aqt.updater - INFO - updater 3896 Patching C:\Qt\6.8.1\msvc2022_64\lib\Qt6QmlLocalStorage.prl
2026-08-22 13:25:13,106 - aqt.updater - INFO - updater 3896 Patching C:\Qt\6.8.1\msvc2022_64\lib\Qt6QmlLocalStoraged.prl
2026-08-22 13:25:13,112 - aqt.updater - INFO - updater 3896 Patching C:\Qt\6.8.1\msvc2022_64\lib\Qt6QmlLS.prl
2026-08-22 13:25:13,117 - aqt.updater - INFO - updater 3896 Patching C:\Qt\6.8.1\msvc2022_64\lib\Qt6QmlLSd.prl
2026-08-22 13:25:13,123 - aqt.updater - INFO - updater 3896 Patching C:\Qt\6.8.1\msvc2022_64\lib\Qt6QmlMeta.prl
2026-08-22 13:25:13,128 - aqt.updater - INFO - updater 3896 Patching C:\Qt\6.8.1\msvc2022_64\lib\Qt6QmlMetad.prl
2026-08-22 13:25:13,136 - aqt.updater - INFO - updater 3896 Patching C:\Qt\6.8.1\msvc2022_64\lib\Qt6QmlModels.prl
2026-08-22 13:25:13,146 - aqt.updater - INFO - updater 3896 Patching C:\Qt\6.8.1\msvc2022_64\lib\Qt6QmlModelsd.prl
2026-08-22 13:25:13,150 - aqt.updater - INFO - updater 3896 Patching C:\Qt\6.8.1\msvc2022_64\lib\Qt6QmlNetwork.prl
2026-08-22 13:25:13,154 - aqt.updater - INFO - updater 3896 Patching C:\Qt\6.8.1\msvc2022_64\lib\Qt6QmlNetworkd.prl
2026-08-22 13:25:13,160 - aqt.updater - INFO - updater 3896 Patching C:\Qt\6.8.1\msvc2022_64\lib\Qt6QmlToolingSettings.prl
2026-08-22 13:25:13,164 - aqt.updater - INFO - updater 3896 Patching C:\Qt\6.8.1\msvc2022_64\lib\Qt6QmlToolingSettingsd.prl
2026-08-22 13:25:13,170 - aqt.updater - INFO - updater 3896 Patching C:\Qt\6.8.1\msvc2022_64\lib\Qt6QmlTypeRegistrar.prl
2026-08-22 13:25:13,176 - aqt.updater - INFO - updater 3896 Patching C:\Qt\6.8.1\msvc2022_64\lib\Qt6QmlTypeRegistrard.prl
2026-08-22 13:25:13,181 - aqt.updater - INFO - updater 3896 Patching C:\Qt\6.8.1\msvc2022_64\lib\Qt6QmlWorkerScript.prl
2026-08-22 13:25:13,188 - aqt.updater - INFO - updater 3896 Patching C:\Qt\6.8.1\msvc2022_64\lib\Qt6QmlWorkerScriptd.prl
2026-08-22 13:25:13,193 - aqt.updater - INFO - updater 3896 Patching C:\Qt\6.8.1\msvc2022_64\lib\Qt6QmlXmlListModel.prl
2026-08-22 13:25:13,197 - aqt.updater - INFO - updater 3896 Patching C:\Qt\6.8.1\msvc2022_64\lib\Qt6QmlXmlListModeld.prl
2026-08-22 13:25:13,206 - aqt.updater - INFO - updater 3896 Patching C:\Qt\6.8.1\msvc2022_64\lib\Qt6Quick.prl
2026-08-22 13:25:13,210 - aqt.updater - INFO - updater 3896 Patching C:\Qt\6.8.1\msvc2022_64\lib\Qt6QuickControls2.prl
2026-08-22 13:25:13,214 - aqt.updater - INFO - updater 3896 Patching C:\Qt\6.8.1\msvc2022_64\lib\Qt6QuickControls2Basic.prl
2026-08-22 13:25:13,222 - aqt.updater - INFO - updater 3896 Patching C:\Qt\6.8.1\msvc2022_64\lib\Qt6QuickControls2Basicd.prl
2026-08-22 13:25:13,226 - aqt.updater - INFO - updater 3896 Patching C:\Qt\6.8.1\msvc2022_64\lib\Qt6QuickControls2BasicStyleImpl.prl
2026-08-22 13:25:13,231 - aqt.updater - INFO - updater 3896 Patching C:\Qt\6.8.1\msvc2022_64\lib\Qt6QuickControls2BasicStyleImpld.prl
2026-08-22 13:25:13,239 - aqt.updater - INFO - updater 3896 Patching C:\Qt\6.8.1\msvc2022_64\lib\Qt6QuickControls2d.prl
2026-08-22 13:25:13,243 - aqt.updater - INFO - updater 3896 Patching C:\Qt\6.8.1\msvc2022_64\lib\Qt6QuickControls2FluentWinUI3StyleImpl.prl
2026-08-22 13:25:13,251 - aqt.updater - INFO - updater 3896 Patching C:\Qt\6.8.1\msvc2022_64\lib\Qt6QuickControls2FluentWinUI3StyleImpld.prl
2026-08-22 13:25:13,256 - aqt.updater - INFO - updater 3896 Patching C:\Qt\6.8.1\msvc2022_64\lib\Qt6QuickControls2Fusion.prl
2026-08-22 13:25:13,260 - aqt.updater - INFO - updater 3896 Patching C:\Qt\6.8.1\msvc2022_64\lib\Qt6QuickControls2Fusiond.prl
2026-08-22 13:25:13,268 - aqt.updater - INFO - updater 3896 Patching C:\Qt\6.8.1\msvc2022_64\lib\Qt6QuickControls2FusionStyleImpl.prl
2026-08-22 13:25:13,272 - aqt.updater - INFO - updater 3896 Patching C:\Qt\6.8.1\msvc2022_64\lib\Qt6QuickControls2FusionStyleImpld.prl
2026-08-22 13:25:13,279 - aqt.updater - INFO - updater 3896 Patching C:\Qt\6.8.1\msvc2022_64\lib\Qt6QuickControls2Imagine.prl
2026-08-22 13:25:13,284 - aqt.updater - INFO - updater 3896 Patching C:\Qt\6.8.1\msvc2022_64\lib\Qt6QuickControls2Imagined.prl
2026-08-22 13:25:13,289 - aqt.updater - INFO - updater 3896 Patching C:\Qt\6.8.1\msvc2022_64\lib\Qt6QuickControls2ImagineStyleImpl.prl
2026-08-22 13:25:13,292 - aqt.updater - INFO - updater 3896 Patching C:\Qt\6.8.1\msvc2022_64\lib\Qt6QuickControls2ImagineStyleImpld.prl
2026-08-22 13:25:13,292 - aqt.updater - INFO - updater 3896 Patching C:\Qt\6.8.1\msvc2022_64\lib\Qt6QuickControls2Impl.prl
2026-08-22 13:25:13,292 - aqt.updater - INFO - updater 3896 Patching C:\Qt\6.8.1\msvc2022_64\lib\Qt6QuickControls2Impld.prl
2026-08-22 13:25:13,309 - aqt.updater - INFO - updater 3896 Patching C:\Qt\6.8.1\msvc2022_64\lib\Qt6QuickControls2Material.prl
2026-08-22 13:25:13,314 - aqt.updater - INFO - updater 3896 Patching C:\Qt\6.8.1\msvc2022_64\lib\Qt6QuickControls2Materiald.prl
2026-08-22 13:25:13,317 - aqt.updater - INFO - updater 3896 Patching C:\Qt\6.8.1\msvc2022_64\lib\Qt6QuickControls2MaterialStyleImpl.prl
2026-08-22 13:25:13,322 - aqt.updater - INFO - updater 3896 Patching C:\Qt\6.8.1\msvc2022_64\lib\Qt6QuickControls2MaterialStyleImpld.prl
2026-08-22 13:25:13,329 - aqt.updater - INFO - updater 3896 Patching C:\Qt\6.8.1\msvc2022_64\lib\Qt6QuickControls2Universal.prl
2026-08-22 13:25:13,334 - aqt.updater - INFO - updater 3896 Patching C:\Qt\6.8.1\msvc2022_64\lib\Qt6QuickControls2Universald.prl
2026-08-22 13:25:13,335 - aqt.updater - INFO - updater 3896 Patching C:\Qt\6.8.1\msvc2022_64\lib\Qt6QuickControls2UniversalStyleImpl.prl
2026-08-22 13:25:13,342 - aqt.updater - INFO - updater 3896 Patching C:\Qt\6.8.1\msvc2022_64\lib\Qt6QuickControls2UniversalStyleImpld.prl
2026-08-22 13:25:13,347 - aqt.updater - INFO - updater 3896 Patching C:\Qt\6.8.1\msvc2022_64\lib\Qt6QuickControls2WindowsStyleImpl.prl
2026-08-22 13:25:13,353 - aqt.updater - INFO - updater 3896 Patching C:\Qt\6.8.1\msvc2022_64\lib\Qt6QuickControls2WindowsStyleImpld.prl
2026-08-22 13:25:13,357 - aqt.updater - INFO - updater 3896 Patching C:\Qt\6.8.1\msvc2022_64\lib\Qt6QuickControlsTestUtils.prl
2026-08-22 13:25:13,364 - aqt.updater - INFO - updater 3896 Patching C:\Qt\6.8.1\msvc2022_64\lib\Qt6QuickControlsTestUtilsd.prl
2026-08-22 13:25:13,368 - aqt.updater - INFO - updater 3896 Patching C:\Qt\6.8.1\msvc2022_64\lib\Qt6Quickd.prl
2026-08-22 13:25:13,373 - aqt.updater - INFO - updater 3896 Patching C:\Qt\6.8.1\msvc2022_64\lib\Qt6QuickDialogs2.prl
2026-08-22 13:25:13,373 - aqt.updater - INFO - updater 3896 Patching C:\Qt\6.8.1\msvc2022_64\lib\Qt6QuickDialogs2d.prl
2026-08-22 13:25:13,383 - aqt.updater - INFO - updater 3896 Patching C:\Qt\6.8.1\msvc2022_64\lib\Qt6QuickDialogs2QuickImpl.prl
2026-08-22 13:25:13,385 - aqt.updater - INFO - updater 3896 Patching C:\Qt\6.8.1\msvc2022_64\lib\Qt6QuickDialogs2QuickImpld.prl
2026-08-22 13:25:13,393 - aqt.updater - INFO - updater 3896 Patching C:\Qt\6.8.1\msvc2022_64\lib\Qt6QuickDialogs2Utils.prl
2026-08-22 13:25:13,397 - aqt.updater - INFO - updater 3896 Patching C:\Qt\6.8.1\msvc2022_64\lib\Qt6QuickDialogs2Utilsd.prl
2026-08-22 13:25:13,401 - aqt.updater - INFO - updater 3896 Patching C:\Qt\6.8.1\msvc2022_64\lib\Qt6QuickEffects.prl
2026-08-22 13:25:13,406 - aqt.updater - INFO - updater 3896 Patching C:\Qt\6.8.1\msvc2022_64\lib\Qt6QuickEffectsd.prl
2026-08-22 13:25:13,415 - aqt.updater - INFO - updater 3896 Patching C:\Qt\6.8.1\msvc2022_64\lib\Qt6QuickLayouts.prl
2026-08-22 13:25:13,420 - aqt.updater - INFO - updater 3896 Patching C:\Qt\6.8.1\msvc2022_64\lib\Qt6QuickLayoutsd.prl
2026-08-22 13:25:13,422 - aqt.updater - INFO - updater 3896 Patching C:\Qt\6.8.1\msvc2022_64\lib\Qt6QuickParticles.prl
2026-08-22 13:25:13,422 - aqt.updater - INFO - updater 3896 Patching C:\Qt\6.8.1\msvc2022_64\lib\Qt6QuickParticlesd.prl
2026-08-22 13:25:13,435 - aqt.updater - INFO - updater 3896 Patching C:\Qt\6.8.1\msvc2022_64\lib\Qt6QuickShapes.prl
2026-08-22 13:25:13,438 - aqt.updater - INFO - updater 3896 Patching C:\Qt\6.8.1\msvc2022_64\lib\Qt6QuickShapesd.prl
2026-08-22 13:25:13,438 - aqt.updater - INFO - updater 3896 Patching C:\Qt\6.8.1\msvc2022_64\lib\Qt6QuickTemplates2.prl
2026-08-22 13:25:13,451 - aqt.updater - INFO - updater 3896 Patching C:\Qt\6.8.1\msvc2022_64\lib\Qt6QuickTemplates2d.prl
2026-08-22 13:25:13,456 - aqt.updater - INFO - updater 3896 Patching C:\Qt\6.8.1\msvc2022_64\lib\Qt6QuickTest.prl
2026-08-22 13:25:13,460 - aqt.updater - INFO - updater 3896 Patching C:\Qt\6.8.1\msvc2022_64\lib\Qt6QuickTestd.prl
2026-08-22 13:25:13,460 - aqt.updater - INFO - updater 3896 Patching C:\Qt\6.8.1\msvc2022_64\lib\Qt6QuickTestUtils.prl
2026-08-22 13:25:13,460 - aqt.updater - INFO - updater 3896 Patching C:\Qt\6.8.1\msvc2022_64\lib\Qt6QuickTestUtilsd.prl
2026-08-22 13:25:13,475 - aqt.updater - INFO - updater 3896 Patching C:\Qt\6.8.1\msvc2022_64\lib\Qt6QuickVectorImage.prl
2026-08-22 13:25:13,478 - aqt.updater - INFO - updater 3896 Patching C:\Qt\6.8.1\msvc2022_64\lib\Qt6QuickVectorImaged.prl
2026-08-22 13:25:13,483 - aqt.updater - INFO - updater 3896 Patching C:\Qt\6.8.1\msvc2022_64\lib\Qt6QuickVectorImageGenerator.prl
2026-08-22 13:25:13,489 - aqt.updater - INFO - updater 3896 Patching C:\Qt\6.8.1\msvc2022_64\lib\Qt6QuickVectorImageGeneratord.prl
2026-08-22 13:25:13,508 - aqt.updater - INFO - updater 3896 Patching C:\Qt\6.8.1\msvc2022_64\lib\Qt6QuickWidgets.prl
2026-08-22 13:25:13,524 - aqt.updater - INFO - updater 3896 Patching C:\Qt\6.8.1\msvc2022_64\lib\Qt6QuickWidgetsd.prl
2026-08-22 13:25:13,528 - aqt.updater - INFO - updater 3896 Patching C:\Qt\6.8.1\msvc2022_64\lib\Qt6Sql.prl
2026-08-22 13:25:13,534 - aqt.updater - INFO - updater 3896 Patching C:\Qt\6.8.1\msvc2022_64\lib\Qt6Sqld.prl
2026-08-22 13:25:13,538 - aqt.updater - INFO - updater 3896 Patching C:\Qt\6.8.1\msvc2022_64\lib\Qt6Svg.prl
2026-08-22 13:25:13,541 - aqt.updater - INFO - updater 3896 Patching C:\Qt\6.8.1\msvc2022_64\lib\Qt6Svgd.prl
2026-08-22 13:25:13,546 - aqt.updater - INFO - updater 3896 Patching C:\Qt\6.8.1\msvc2022_64\lib\Qt6SvgWidgets.prl
2026-08-22 13:25:13,552 - aqt.updater - INFO - updater 3896 Patching C:\Qt\6.8.1\msvc2022_64\lib\Qt6SvgWidgetsd.prl
2026-08-22 13:25:13,556 - aqt.updater - INFO - updater 3896 Patching C:\Qt\6.8.1\msvc2022_64\lib\Qt6Test.prl
2026-08-22 13:25:13,560 - aqt.updater - INFO - updater 3896 Patching C:\Qt\6.8.1\msvc2022_64\lib\Qt6Testd.prl
2026-08-22 13:25:13,566 - aqt.updater - INFO - updater 3896 Patching C:\Qt\6.8.1\msvc2022_64\lib\Qt6UiTools.prl
2026-08-22 13:25:13,566 - aqt.updater - INFO - updater 3896 Patching C:\Qt\6.8.1\msvc2022_64\lib\Qt6UiToolsd.prl
2026-08-22 13:25:13,574 - aqt.updater - INFO - updater 3896 Patching C:\Qt\6.8.1\msvc2022_64\lib\Qt6Widgets.prl
2026-08-22 13:25:13,580 - aqt.updater - INFO - updater 3896 Patching C:\Qt\6.8.1\msvc2022_64\lib\Qt6Widgetsd.prl
2026-08-22 13:25:13,584 - aqt.updater - INFO - updater 3896 Patching C:\Qt\6.8.1\msvc2022_64\lib\Qt6Xml.prl
2026-08-22 13:25:13,585 - aqt.updater - INFO - updater 3896 Patching C:\Qt\6.8.1\msvc2022_64\lib\Qt6Xmld.prl
2026-08-22 13:25:13,592 - aqt.main - INFO - installer 3896 Finished installation
2026-08-22 13:25:13,592 - aqt.main - INFO - installer 3896 Time elapsed: 44.55926810 second
